// Vitest Snapshot v1, https://vitest.dev/guide/snapshot.html

exports[`Durable weather stack > Verify stack resources 1`] = `
{
  "Outputs": {
    "MyTestStackurl": {
      "Description": "Distribution URL",
      "Value": {
        "Fn::GetAtt": [
          "MyTestStackdistribution38E1EA5D",
          "DomainName",
        ],
      },
    },
  },
  "Parameters": {
    "BootstrapVersion": {
      "Default": "/cdk-bootstrap/hnb659fds/version",
      "Description": "Version of the CDK Bootstrap resources in this environment, automatically retrieved from SSM Parameter Store. [cdk:skip]",
      "Type": "AWS::SSM::Parameter::Value<String>",
    },
  },
  "Resources": {
    "CustomCDKBucketDeployment8693BB64968944B69AAFB0CC9EB8756C81C01536": {
      "DependsOn": [
        "CustomCDKBucketDeployment8693BB64968944B69AAFB0CC9EB8756CServiceRoleDefaultPolicy88902FDF",
        "CustomCDKBucketDeployment8693BB64968944B69AAFB0CC9EB8756CServiceRole89A01265",
      ],
      "Properties": {
        "Code": {
          "S3Bucket": {
            "Fn::Sub": "cdk-hnb659fds-assets-\${AWS::AccountId}-\${AWS::Region}",
          },
          "S3Key": "3423a042b818e31c1e34a19d6689ab2e5f9b70fcbe9e71df66f241b20a200bd9.zip",
        },
        "Environment": {
          "Variables": {
            "AWS_CA_BUNDLE": "/etc/pki/ca-trust/extracted/pem/tls-ca-bundle.pem",
          },
        },
        "Handler": "index.handler",
        "Layers": [
          {
            "Ref": "MyTestStackfileuploadAwsCliLayer5DC22463",
          },
        ],
        "LoggingConfig": {
          "LogGroup": {
            "Ref": "MyTestStackuploadAssetsLogGroupFD171DDB",
          },
        },
        "Role": {
          "Fn::GetAtt": [
            "CustomCDKBucketDeployment8693BB64968944B69AAFB0CC9EB8756CServiceRole89A01265",
            "Arn",
          ],
        },
        "Runtime": "python3.13",
        "Timeout": 900,
      },
      "Type": "AWS::Lambda::Function",
    },
    "CustomCDKBucketDeployment8693BB64968944B69AAFB0CC9EB8756CServiceRole89A01265": {
      "Properties": {
        "AssumeRolePolicyDocument": {
          "Statement": [
            {
              "Action": "sts:AssumeRole",
              "Effect": "Allow",
              "Principal": {
                "Service": "lambda.amazonaws.com",
              },
            },
          ],
          "Version": "2012-10-17",
        },
        "ManagedPolicyArns": [
          {
            "Fn::Join": [
              "",
              [
                "arn:",
                {
                  "Ref": "AWS::Partition",
                },
                ":iam::aws:policy/service-role/AWSLambdaBasicExecutionRole",
              ],
            ],
          },
        ],
      },
      "Type": "AWS::IAM::Role",
    },
    "CustomCDKBucketDeployment8693BB64968944B69AAFB0CC9EB8756CServiceRoleDefaultPolicy88902FDF": {
      "Properties": {
        "PolicyDocument": {
          "Statement": [
            {
              "Action": [
                "s3:GetObject*",
                "s3:GetBucket*",
                "s3:List*",
              ],
              "Effect": "Allow",
              "Resource": [
                {
                  "Fn::Join": [
                    "",
                    [
                      "arn:",
                      {
                        "Ref": "AWS::Partition",
                      },
                      ":s3:::",
                      {
                        "Fn::Sub": "cdk-hnb659fds-assets-\${AWS::AccountId}-\${AWS::Region}",
                      },
                    ],
                  ],
                },
                {
                  "Fn::Join": [
                    "",
                    [
                      "arn:",
                      {
                        "Ref": "AWS::Partition",
                      },
                      ":s3:::",
                      {
                        "Fn::Sub": "cdk-hnb659fds-assets-\${AWS::AccountId}-\${AWS::Region}",
                      },
                      "/*",
                    ],
                  ],
                },
              ],
            },
            {
              "Action": [
                "s3:GetObject*",
                "s3:GetBucket*",
                "s3:List*",
                "s3:DeleteObject*",
                "s3:PutObject",
                "s3:PutObjectLegalHold",
                "s3:PutObjectRetention",
                "s3:PutObjectTagging",
                "s3:PutObjectVersionTagging",
                "s3:Abort*",
              ],
              "Effect": "Allow",
              "Resource": [
                {
                  "Fn::GetAtt": [
                    "MyTestStackbucketE9C89BC4",
                    "Arn",
                  ],
                },
                {
                  "Fn::Join": [
                    "",
                    [
                      {
                        "Fn::GetAtt": [
                          "MyTestStackbucketE9C89BC4",
                          "Arn",
                        ],
                      },
                      "/*",
                    ],
                  ],
                },
              ],
            },
          ],
          "Version": "2012-10-17",
        },
        "PolicyName": "CustomCDKBucketDeployment8693BB64968944B69AAFB0CC9EB8756CServiceRoleDefaultPolicy88902FDF",
        "Roles": [
          {
            "Ref": "CustomCDKBucketDeployment8693BB64968944B69AAFB0CC9EB8756CServiceRole89A01265",
          },
        ],
      },
      "Type": "AWS::IAM::Policy",
    },
    "CustomS3AutoDeleteObjectsCustomResourceProviderHandler9D90184F": {
      "DependsOn": [
        "CustomS3AutoDeleteObjectsCustomResourceProviderRole3B1BD092",
      ],
      "Properties": {
        "Code": {
          "S3Bucket": {
            "Fn::Sub": "cdk-hnb659fds-assets-\${AWS::AccountId}-\${AWS::Region}",
          },
          "S3Key": "faa95a81ae7d7373f3e1f242268f904eb748d8d0fdd306e8a6fe515a1905a7d6.zip",
        },
        "Description": {
          "Fn::Join": [
            "",
            [
              "Lambda function for auto-deleting objects in ",
              {
                "Ref": "MyTestStackbucketE9C89BC4",
              },
              " S3 bucket.",
            ],
          ],
        },
        "Handler": "index.handler",
        "MemorySize": 128,
        "Role": {
          "Fn::GetAtt": [
            "CustomS3AutoDeleteObjectsCustomResourceProviderRole3B1BD092",
            "Arn",
          ],
        },
        "Runtime": "nodejs22.x",
        "Timeout": 900,
      },
      "Type": "AWS::Lambda::Function",
    },
    "CustomS3AutoDeleteObjectsCustomResourceProviderRole3B1BD092": {
      "Properties": {
        "AssumeRolePolicyDocument": {
          "Statement": [
            {
              "Action": "sts:AssumeRole",
              "Effect": "Allow",
              "Principal": {
                "Service": "lambda.amazonaws.com",
              },
            },
          ],
          "Version": "2012-10-17",
        },
        "ManagedPolicyArns": [
          {
            "Fn::Sub": "arn:\${AWS::Partition}:iam::aws:policy/service-role/AWSLambdaBasicExecutionRole",
          },
        ],
      },
      "Type": "AWS::IAM::Role",
    },
    "MyTestStackbucketAutoDeleteObjectsCustomResource9AAEFF14": {
      "DeletionPolicy": "Delete",
      "DependsOn": [
        "MyTestStackbucketPolicyFFEE8FFB",
      ],
      "Properties": {
        "BucketName": {
          "Ref": "MyTestStackbucketE9C89BC4",
        },
        "ServiceToken": {
          "Fn::GetAtt": [
            "CustomS3AutoDeleteObjectsCustomResourceProviderHandler9D90184F",
            "Arn",
          ],
        },
      },
      "Type": "Custom::S3AutoDeleteObjects",
      "UpdateReplacePolicy": "Delete",
    },
    "MyTestStackbucketE9C89BC4": {
      "DeletionPolicy": "Delete",
      "Properties": {
        "PublicAccessBlockConfiguration": {
          "BlockPublicAcls": true,
          "BlockPublicPolicy": true,
          "IgnorePublicAcls": true,
          "RestrictPublicBuckets": true,
        },
        "Tags": [
          {
            "Key": "aws-cdk:auto-delete-objects",
            "Value": "true",
          },
          {
            "Key": "aws-cdk:cr-owned:e9139e71",
            "Value": "true",
          },
        ],
      },
      "Type": "AWS::S3::Bucket",
      "UpdateReplacePolicy": "Delete",
    },
    "MyTestStackbucketPolicyFFEE8FFB": {
      "Properties": {
        "Bucket": {
          "Ref": "MyTestStackbucketE9C89BC4",
        },
        "PolicyDocument": {
          "Statement": [
            {
              "Action": [
                "s3:PutBucketPolicy",
                "s3:GetBucket*",
                "s3:List*",
                "s3:DeleteObject*",
              ],
              "Effect": "Allow",
              "Principal": {
                "AWS": {
                  "Fn::GetAtt": [
                    "CustomS3AutoDeleteObjectsCustomResourceProviderRole3B1BD092",
                    "Arn",
                  ],
                },
              },
              "Resource": [
                {
                  "Fn::GetAtt": [
                    "MyTestStackbucketE9C89BC4",
                    "Arn",
                  ],
                },
                {
                  "Fn::Join": [
                    "",
                    [
                      {
                        "Fn::GetAtt": [
                          "MyTestStackbucketE9C89BC4",
                          "Arn",
                        ],
                      },
                      "/*",
                    ],
                  ],
                },
              ],
            },
            {
              "Action": "s3:GetObject",
              "Condition": {
                "StringEquals": {
                  "AWS:SourceArn": {
                    "Fn::Join": [
                      "",
                      [
                        "arn:",
                        {
                          "Ref": "AWS::Partition",
                        },
                        ":cloudfront::",
                        {
                          "Ref": "AWS::AccountId",
                        },
                        ":distribution/",
                        {
                          "Ref": "MyTestStackdistribution38E1EA5D",
                        },
                      ],
                    ],
                  },
                },
              },
              "Effect": "Allow",
              "Principal": {
                "Service": "cloudfront.amazonaws.com",
              },
              "Resource": {
                "Fn::Join": [
                  "",
                  [
                    {
                      "Fn::GetAtt": [
                        "MyTestStackbucketE9C89BC4",
                        "Arn",
                      ],
                    },
                    "/*",
                  ],
                ],
              },
            },
          ],
          "Version": "2012-10-17",
        },
      },
      "Type": "AWS::S3::BucketPolicy",
    },
    "MyTestStackdistribution38E1EA5D": {
      "Properties": {
        "DistributionConfig": {
          "CustomErrorResponses": [
            {
              "ErrorCode": 404,
              "ResponseCode": 200,
              "ResponsePagePath": "/index.html",
            },
          ],
          "DefaultCacheBehavior": {
            "CachePolicyId": "658327ea-f89d-4fab-a63d-7e88639e58f6",
            "Compress": true,
            "TargetOriginId": "MyTestStackMyTestStackdistributionOrigin190FA07BF",
            "ViewerProtocolPolicy": "redirect-to-https",
          },
          "DefaultRootObject": "index.html",
          "Enabled": true,
          "HttpVersion": "http2",
          "IPV6Enabled": true,
          "Origins": [
            {
              "DomainName": {
                "Fn::GetAtt": [
                  "MyTestStackbucketE9C89BC4",
                  "RegionalDomainName",
                ],
              },
              "Id": "MyTestStackMyTestStackdistributionOrigin190FA07BF",
              "OriginAccessControlId": {
                "Fn::GetAtt": [
                  "MyTestStackdistributionOrigin1S3OriginAccessControlF55B8C0C",
                  "Id",
                ],
              },
              "S3OriginConfig": {
                "OriginAccessIdentity": "",
              },
            },
          ],
        },
      },
      "Type": "AWS::CloudFront::Distribution",
    },
    "MyTestStackdistributionOrigin1S3OriginAccessControlF55B8C0C": {
      "Properties": {
        "OriginAccessControlConfig": {
          "Name": "MyTestStackMyTestStackdistriOrigin1S3OriginAccessControlF2724049",
          "OriginAccessControlOriginType": "s3",
          "SigningBehavior": "always",
          "SigningProtocol": "sigv4",
        },
      },
      "Type": "AWS::CloudFront::OriginAccessControl",
    },
    "MyTestStackdurableFuncLogGroupB389B115": {
      "DeletionPolicy": "Delete",
      "Properties": {
        "LogGroupName": "/aws/lambda/MyTestStack-durableFuncLogGroup",
        "RetentionInDays": 7,
      },
      "Type": "AWS::Logs::LogGroup",
      "UpdateReplacePolicy": "Delete",
    },
    "MyTestStackdurableFunction185AD163": {
      "DependsOn": [
        "MyTestStackdurableFunctionServiceRoleDefaultPolicy9B6EF913",
        "MyTestStackdurableFunctionServiceRoleB1CD0C0B",
      ],
      "Properties": {
        "Architectures": [
          "arm64",
        ],
        "Code": {
          "S3Bucket": {
            "Fn::Sub": "cdk-hnb659fds-assets-\${AWS::AccountId}-\${AWS::Region}",
          },
          "S3Key": "be67de48f6f483f6cbc729da78aba3df43a863c0a0192fc3c67e9366b5921bd4.zip",
        },
        "DurableConfig": {
          "ExecutionTimeout": 3600,
          "RetentionPeriodInDays": 14,
        },
        "Environment": {
          "Variables": {
            "BUCKET_NAME": {
              "Ref": "MyTestStackbucketE9C89BC4",
            },
            "DISTRIBUTION_ID": {
              "Ref": "MyTestStackdistribution38E1EA5D",
            },
            "LOCATION_NAME": "Test Location",
            "OPEN_WEATHER_URL": "https://api.openweathermap.org/data/2.5/onecall",
            "SSM_PARAM_NAME": {
              "Ref": "MyTestStackstatusparamD08CEFD4",
            },
            "WEATHER_LOCATION_LAT": "123",
            "WEATHER_LOCATION_LON": "456",
            "WEATHER_TYPE": "snow",
          },
        },
        "FunctionName": "MyTestStack-durableFunction",
        "Handler": "index.handler",
        "LoggingConfig": {
          "LogFormat": "JSON",
          "LogGroup": {
            "Ref": "MyTestStackdurableFuncLogGroupB389B115",
          },
        },
        "MemorySize": 3008,
        "Role": {
          "Fn::GetAtt": [
            "MyTestStackdurableFunctionServiceRoleB1CD0C0B",
            "Arn",
          ],
        },
        "Runtime": "nodejs24.x",
        "Timeout": 60,
        "TracingConfig": {
          "Mode": "Active",
        },
      },
      "Type": "AWS::Lambda::Function",
    },
    "MyTestStackdurableFunctionAliaslive4AFCFDFF": {
      "Properties": {
        "FunctionName": {
          "Ref": "MyTestStackdurableFunction185AD163",
        },
        "FunctionVersion": {
          "Fn::GetAtt": [
            "MyTestStackdurableFunctionCurrentVersion70E02456d8b4bf1545eda8006524a796d5e6f4f5",
            "Version",
          ],
        },
        "Name": "live",
      },
      "Type": "AWS::Lambda::Alias",
    },
    "MyTestStackdurableFunctionCurrentVersion70E02456d8b4bf1545eda8006524a796d5e6f4f5": {
      "Metadata": {
        "aws:cdk:do-not-refactor": true,
      },
      "Properties": {
        "FunctionName": {
          "Ref": "MyTestStackdurableFunction185AD163",
        },
      },
      "Type": "AWS::Lambda::Version",
    },
    "MyTestStackdurableFunctionServiceRoleB1CD0C0B": {
      "Properties": {
        "AssumeRolePolicyDocument": {
          "Statement": [
            {
              "Action": "sts:AssumeRole",
              "Effect": "Allow",
              "Principal": {
                "Service": "lambda.amazonaws.com",
              },
            },
          ],
          "Version": "2012-10-17",
        },
        "ManagedPolicyArns": [
          {
            "Fn::Join": [
              "",
              [
                "arn:",
                {
                  "Ref": "AWS::Partition",
                },
                ":iam::aws:policy/service-role/AWSLambdaBasicDurableExecutionRolePolicy",
              ],
            ],
          },
        ],
      },
      "Type": "AWS::IAM::Role",
    },
    "MyTestStackdurableFunctionServiceRoleDefaultPolicy9B6EF913": {
      "Properties": {
        "PolicyDocument": {
          "Statement": [
            {
              "Action": [
                "xray:PutTraceSegments",
                "xray:PutTelemetryRecords",
              ],
              "Effect": "Allow",
              "Resource": "*",
            },
            {
              "Action": [
                "s3:DeleteObject*",
                "s3:PutObject",
                "s3:PutObjectLegalHold",
                "s3:PutObjectRetention",
                "s3:PutObjectTagging",
                "s3:PutObjectVersionTagging",
                "s3:Abort*",
              ],
              "Effect": "Allow",
              "Resource": [
                {
                  "Fn::GetAtt": [
                    "MyTestStackbucketE9C89BC4",
                    "Arn",
                  ],
                },
                {
                  "Fn::Join": [
                    "",
                    [
                      {
                        "Fn::GetAtt": [
                          "MyTestStackbucketE9C89BC4",
                          "Arn",
                        ],
                      },
                      "/*",
                    ],
                  ],
                },
              ],
            },
            {
              "Action": [
                "ssm:DescribeParameters",
                "ssm:GetParameters",
                "ssm:GetParameter",
                "ssm:GetParameterHistory",
              ],
              "Effect": "Allow",
              "Resource": {
                "Fn::Join": [
                  "",
                  [
                    "arn:",
                    {
                      "Ref": "AWS::Partition",
                    },
                    ":ssm:",
                    {
                      "Ref": "AWS::Region",
                    },
                    ":",
                    {
                      "Ref": "AWS::AccountId",
                    },
                    ":parameter/",
                    {
                      "Ref": "MyTestStackstatusparamD08CEFD4",
                    },
                  ],
                ],
              },
            },
            {
              "Action": "ssm:PutParameter",
              "Effect": "Allow",
              "Resource": {
                "Fn::Join": [
                  "",
                  [
                    "arn:",
                    {
                      "Ref": "AWS::Partition",
                    },
                    ":ssm:",
                    {
                      "Ref": "AWS::Region",
                    },
                    ":",
                    {
                      "Ref": "AWS::AccountId",
                    },
                    ":parameter/",
                    {
                      "Ref": "MyTestStackstatusparamD08CEFD4",
                    },
                  ],
                ],
              },
            },
            {
              "Action": "cloudfront:CreateInvalidation",
              "Effect": "Allow",
              "Resource": {
                "Fn::Join": [
                  "",
                  [
                    "arn:aws:cloudfront::",
                    {
                      "Ref": "AWS::AccountId",
                    },
                    ":distribution/",
                    {
                      "Ref": "MyTestStackdistribution38E1EA5D",
                    },
                  ],
                ],
              },
            },
            {
              "Action": "secretsmanager:GetSecretValue",
              "Effect": "Allow",
              "Resource": {
                "Fn::Join": [
                  "",
                  [
                    "arn:aws:secretsmanager:",
                    {
                      "Ref": "AWS::Region",
                    },
                    ":",
                    {
                      "Ref": "AWS::AccountId",
                    },
                    ":secret:weather-site-api-key*",
                  ],
                ],
              },
            },
          ],
          "Version": "2012-10-17",
        },
        "PolicyName": "MyTestStackdurableFunctionServiceRoleDefaultPolicy9B6EF913",
        "Roles": [
          {
            "Ref": "MyTestStackdurableFunctionServiceRoleB1CD0C0B",
          },
        ],
      },
      "Type": "AWS::IAM::Policy",
    },
    "MyTestStackfileuploadAwsCliLayer5DC22463": {
      "Properties": {
        "Content": {
          "S3Bucket": {
            "Fn::Sub": "cdk-hnb659fds-assets-\${AWS::AccountId}-\${AWS::Region}",
          },
          "S3Key": "0cfdecad2260a3a84ad0c2d08a77e03c9d25e26c7b52f26b1e1faf97aef92f18.zip",
        },
        "Description": "/opt/awscli/aws",
      },
      "Type": "AWS::Lambda::LayerVersion",
    },
    "MyTestStackfileuploadCustomResource50187127": {
      "DeletionPolicy": "Delete",
      "Properties": {
        "DestinationBucketName": {
          "Ref": "MyTestStackbucketE9C89BC4",
        },
        "OutputObjectKeys": true,
        "Prune": false,
        "ServiceToken": {
          "Fn::GetAtt": [
            "CustomCDKBucketDeployment8693BB64968944B69AAFB0CC9EB8756C81C01536",
            "Arn",
          ],
        },
        "SourceBucketNames": [
          {
            "Fn::Sub": "cdk-hnb659fds-assets-\${AWS::AccountId}-\${AWS::Region}",
          },
        ],
        "SourceObjectKeys": [
          "5dd6e66aca7809028d3677a67f96628aaa6a67242456ee0f3c81ba4842f6afb0.zip",
        ],
        "WaitForDistributionInvalidation": true,
      },
      "Type": "Custom::CDKBucketDeployment",
      "UpdateReplacePolicy": "Delete",
    },
    "MyTestStackschedule016E9BF5F": {
      "Properties": {
        "Description": "Invoke durable function for MyTestStack",
        "FlexibleTimeWindow": {
          "Mode": "OFF",
        },
        "Name": "MyTestStack-schedule-0",
        "ScheduleExpression": "rate(10 minutes)",
        "ScheduleExpressionTimezone": "America/Los_Angeles",
        "State": "ENABLED",
        "Target": {
          "Arn": {
            "Ref": "MyTestStackdurableFunctionAliaslive4AFCFDFF",
          },
          "DeadLetterConfig": {
            "Arn": {
              "Fn::GetAtt": [
                "MyTestStackschedulerdlq15BF8F7B",
                "Arn",
              ],
            },
          },
          "RetryPolicy": {
            "MaximumEventAgeInSeconds": 300,
            "MaximumRetryAttempts": 2,
          },
          "RoleArn": {
            "Fn::GetAtt": [
              "SchedulerRoleForTarget223bbe14431957",
              "Arn",
            ],
          },
        },
      },
      "Type": "AWS::Scheduler::Schedule",
    },
    "MyTestStackschedulerdlq15BF8F7B": {
      "DeletionPolicy": "Delete",
      "Properties": {
        "QueueName": "MyTestStack-scheduler-dlq",
      },
      "Type": "AWS::SQS::Queue",
      "UpdateReplacePolicy": "Delete",
    },
    "MyTestStackstatusparamD08CEFD4": {
      "Properties": {
        "Description": "Current status of the weather site for MyTestStack",
        "Name": "MyTestStack-status-param",
        "Type": "String",
        "Value": "Initial value",
      },
      "Type": "AWS::SSM::Parameter",
    },
    "MyTestStackuploadAssetsLogGroupFD171DDB": {
      "DeletionPolicy": "Delete",
      "Properties": {
        "LogGroupName": "/aws/lambda/MyTestStack-uploadAssetsLogGroup",
        "RetentionInDays": 7,
      },
      "Type": "AWS::Logs::LogGroup",
      "UpdateReplacePolicy": "Delete",
    },
    "SchedulerRoleForTarget223bbe14431957": {
      "Properties": {
        "AssumeRolePolicyDocument": {
          "Statement": [
            {
              "Action": "sts:AssumeRole",
              "Condition": {
                "StringEquals": {
                  "aws:SourceAccount": {
                    "Ref": "AWS::AccountId",
                  },
                  "aws:SourceArn": {
                    "Fn::Join": [
                      "",
                      [
                        "arn:",
                        {
                          "Ref": "AWS::Partition",
                        },
                        ":scheduler:",
                        {
                          "Ref": "AWS::Region",
                        },
                        ":",
                        {
                          "Ref": "AWS::AccountId",
                        },
                        ":schedule-group/default",
                      ],
                    ],
                  },
                },
              },
              "Effect": "Allow",
              "Principal": {
                "Service": "scheduler.amazonaws.com",
              },
            },
          ],
          "Version": "2012-10-17",
        },
      },
      "Type": "AWS::IAM::Role",
    },
    "SchedulerRoleForTarget223bbeDefaultPolicyC03B08C5": {
      "Properties": {
        "PolicyDocument": {
          "Statement": [
            {
              "Action": "lambda:InvokeFunction",
              "Effect": "Allow",
              "Resource": {
                "Ref": "MyTestStackdurableFunctionAliaslive4AFCFDFF",
              },
            },
            {
              "Action": "sqs:SendMessage",
              "Effect": "Allow",
              "Resource": {
                "Fn::GetAtt": [
                  "MyTestStackschedulerdlq15BF8F7B",
                  "Arn",
                ],
              },
            },
          ],
          "Version": "2012-10-17",
        },
        "PolicyName": "SchedulerRoleForTarget223bbeDefaultPolicyC03B08C5",
        "Roles": [
          {
            "Ref": "SchedulerRoleForTarget223bbe14431957",
          },
        ],
      },
      "Type": "AWS::IAM::Policy",
    },
  },
  "Rules": {
    "CheckBootstrapVersion": {
      "Assertions": [
        {
          "Assert": {
            "Fn::Not": [
              {
                "Fn::Contains": [
                  [
                    "1",
                    "2",
                    "3",
                    "4",
                    "5",
                  ],
                  {
                    "Ref": "BootstrapVersion",
                  },
                ],
              },
            ],
          },
          "AssertDescription": "CDK bootstrap stack version 6 required. Please run 'cdk bootstrap' with a recent version of the CDK CLI.",
        },
      ],
    },
  },
}
`;
